// Jest Snapshot v1, https://goo.gl/fbAQLP

exports[`LargeButtonComponent matches snapshot 1`] = `
<DocumentFragment>
  <button
    class="MuiButtonBase-root MuiButton-root MuiButton-contained MuiButton-containedPrimary MuiButton-sizeLarge MuiButton-containedSizeLarge MuiButton-colorPrimary MuiButton-fullWidth MuiButton-root MuiButton-contained MuiButton-containedPrimary MuiButton-sizeLarge MuiButton-containedSizeLarge MuiButton-colorPrimary MuiButton-fullWidth css-13tpzue-MuiButtonBase-root-MuiButton-root"
    id=":r4:"
    tabindex="0"
    type="button"
  >
    Test Button
  </button>
</DocumentFragment>
`;
