// Jest Snapshot v1, https://goo.gl/fbAQLP

exports[`LazyDatePicker matches snapshot 1`] = `
<DocumentFragment>
  <div>
    <div
      data-testid="date-picker"
    >
      <label>
        Test Label
      </label>
      <input
        placeholder="Test Placeholder"
        type="date"
        value="2024-01-01"
      />
    </div>
  </div>
</DocumentFragment>
`;
