// Jest Snapshot v1, https://goo.gl/fbAQLP

exports[`ListItemTextComponent matches snapshot 1`] = `
<DocumentFragment>
  <div
    class="MuiListItemText-root MuiListItemText-multiline custom-class css-14ln1j6-MuiListItemText-root"
  >
    <span
      class="MuiTypography-root MuiTypography-body1 MuiListItemText-primary css-rizt0-MuiTypography-root"
    >
      Primary Text
    </span>
    <p
      class="MuiTypography-root MuiTypography-body2 MuiListItemText-secondary css-1a1whku-MuiTypography-root"
    >
      Secondary Text
    </p>
  </div>
</DocumentFragment>
`;
