// Jest Snapshot v1, https://goo.gl/fbAQLP

exports[`ButtonComponent matches snapshot 1`] = `
<DocumentFragment>
  <button
    class="MuiButtonBase-root MuiButton-root MuiButton-text MuiButton-textPrimary MuiButton-sizeMedium MuiButton-textSizeMedium MuiButton-colorPrimary MuiButton-root MuiButton-text MuiButton-textPrimary MuiButton-sizeMedium MuiButton-textSizeMedium MuiButton-colorPrimary css-1uent87-MuiButtonBase-root-MuiButton-root"
    id=":r2:"
    tabindex="0"
    type="button"
  >
    Test
  </button>
</DocumentFragment>
`;
