// Jest Snapshot v1, https://goo.gl/fbAQLP

exports[`Menu-item matches snapshot 1`] = `
<DocumentFragment>
  <li
    class="MuiButtonBase-root MuiMenuItem-root MuiMenuItem-gutters MuiMenuItem-root MuiMenuItem-gutters css-1rju2q6-MuiButtonBase-root-MuiMenuItem-root"
    role="menuitem"
    tabindex="-1"
  >
    Test
  </li>
</DocumentFragment>
`;
